Collecting apache-airflow==3.3.2
  Downloading apache_airflow-3.3.2-py3-none-any.whl.metadata (37 kB)
Collecting apache-airflow-core==3.3.2 (from apache-airflow==3.3.2)
  Downloading apache_airflow_core-3.3.2-py3-none-any.whl.metadata (6.7 kB)
Collecting apache-airflow-task-sdk==1.3.2 (from apache-airflow==3.3.2)
  Downloading apache_airflow_task_sdk-1.3.2-py3-none-any.whl.metadata (5.1 kB)
Collecting a2wsgi>=1.10.8 (from apache-airflow-core==3.3.2->apache-airflow==3.3.2)
  Downloading a2wsgi-1.10.10-py3-none-any.whl.metadata (4.0 kB)
Collecting aiosqlite!=0.22.0,>=0.20.0 (from apache-airflow-core==3.3.2->apache-airflow==3.3.2)
  Downloading aiosqlite-0.22.1-py3-none-any.whl.metadata (4.3 kB)
Collecting alembic<2.0,>=1.13.1 (from apache-airflow-core==3.3.2->apache-airflow==3.3.2)
  Using cached alembic-1.20.0-py3-none-any.whl.metadata (7.3 kB)
Collecting apache-airflow-providers-common-compat>=1.7.4 (from apache-airflow-core==3.3.2->apache-airflow==3.3.2)
  Downloading apache_airflow_providers_common_compat-1.19.0-py3-none-any.whl.metadata (6.0 kB)
Collecting apache-airflow-providers-common-io>=1.6.3 (from apache-airflow-core==3.3.2->apache-airflow==3.3.2)
  Downloading apache_airflow_providers_common_io-1.9.0-py3-none-any.whl.metadata (5.7 kB)
Collecting apache-airflow-providers-common-sql>=1.28.1 (from apache-airflow-core==3.3.2->apache-airflow==3.3.2)
  Downloading apache_airflow_providers_common_sql-2.1.1-py3-none-any.whl.metadata (8.1 kB)
Collecting apache-airflow-providers-smtp>=2.3.1 (from apache-airflow-core==3.3.2->apache-airflow==3.3.2)
  Downloading apache_airflow_providers_smtp-3.0.4-py3-none-any.whl.metadata (4.3 kB)
Collecting apache-airflow-providers-standard>=1.9.0 (from apache-airflow-core==3.3.2->apache-airflow==3.3.2)
  Downloading apache_airflow_providers_standard-1.19.0-py3-none-any.whl.metadata (5.7 kB)
Collecting argcomplete>=1.10 (from apache-airflow-core==3.3.2->apache-airflow==3.3.2)
  Downloading argcomplete-3.7.2-py3-none-any.whl.metadata (16 kB)
Collecting asgiref>=2.3.0 (from apache-airflow-core==3.3.2->apache-airflow==3.3.2)
  Downloading asgiref-3.12.1-py3-none-any.whl.metadata (9.4 kB)
Collecting attrs!=25.2.0,>=22.1.0 (from apache-airflow-core==3.3.2->apache-airflow==3.3.2)
  Using cached attrs-26.1.0-py3-none-any.whl.metadata (8.8 kB)
Collecting cachetools>=6.0.0 (from apache-airflow-core==3.3.2->apache-airflow==3.3.2)
  Downloading cachetools-7.1.8-py3-none-any.whl.metadata (5.5 kB)
Collecting cadwyn>=6.1.1 (from apache-airflow-core==3.3.2->apache-airflow==3.3.2)
  Downloading cadwyn-7.0.0-py3-none-any.whl.metadata (4.5 kB)
Collecting colorlog>=6.8.2 (from apache-airflow-core==3.3.2->apache-airflow==3.3.2)
  Downloading colorlog-6.12.0-py3-none-any.whl.metadata (11 kB)
Collecting cron-descriptor>=1.2.24 (from apache-airflow-core==3.3.2->apache-airflow==3.3.2)
  Downloading cron_descriptor-2.1.0-py3-none-any.whl.metadata (8.1 kB)
Collecting croniter>=6.2.2 (from apache-airflow-core==3.3.2->apache-airflow==3.3.2)
  Downloading croniter-6.2.4-py3-none-any.whl.metadata (23 kB)
Collecting cryptography>=44.0.3 (from apache-airflow-core==3.3.2->apache-airflow==3.3.2)
  Using cached cryptography-50.0.1-cp311-abi3-win_amd64.whl.metadata (4.3 kB)
Collecting deprecated>=1.2.13 (from apache-airflow-core==3.3.2->apache-airflow==3.3.2)
  Downloading deprecated-1.3.1-py2.py3-none-any.whl.metadata (5.9 kB)
Collecting dill>=0.2.2 (from apache-airflow-core==3.3.2->apache-airflow==3.3.2)
  Using cached dill-0.4.1-py3-none-any.whl.metadata (10 kB)
Collecting fastapi<0.137.0,>=0.129.0 (from fastapi[standard-no-fastapi-cloud-cli]<0.137.0,>=0.129.0->apache-airflow-core==3.3.2->apache-airflow==3.3.2)
  Downloading fastapi-0.136.3-py3-none-any.whl.metadata (27 kB)
Collecting httpx>=0.25.0 (from apache-airflow-core==3.3.2->apache-airflow==3.3.2)
  Using cached httpx-0.28.1-py3-none-any.whl.metadata (7.1 kB)
Collecting importlib-metadata>=7.0 (from apache-airflow-core==3.3.2->apache-airflow==3.3.2)
  Using cached importlib_metadata-8.9.0-py3-none-any.whl.metadata (4.5 kB)
Collecting isoduration>=20.11.0 (from apache-airflow-core==3.3.2->apache-airflow==3.3.2)
  Using cached isoduration-20.11.0-py3-none-any.whl.metadata (5.7 kB)
Collecting itsdangerous>=2.0 (from apache-airflow-core==3.3.2->apache-airflow==3.3.2)
  Using cached itsdangerous-2.2.0-py3-none-any.whl.metadata (1.9 kB)
Collecting jinja2>=3.1.5 (from apache-airflow-core==3.3.2->apache-airflow==3.3.2)
  Using cached jinja2-3.1.6-py3-none-any.whl.metadata (2.9 kB)
Collecting jsonschema>=4.19.1 (from apache-airflow-core==3.3.2->apache-airflow==3.3.2)
  Using cached jsonschema-4.26.0-py3-none-any.whl.metadata (7.6 kB)
Collecting lazy-object-proxy>=1.2.0 (from apache-airflow-core==3.3.2->apache-airflow==3.3.2)
  Downloading lazy_object_proxy-1.12.0-cp313-cp313-win_amd64.whl.metadata (5.3 kB)
Collecting libcst>=1.8.2 (from apache-airflow-core==3.3.2->apache-airflow==3.3.2)
  Downloading libcst-1.9.0-cp313-cp313-win_amd64.whl.metadata (15 kB)
Collecting linkify-it-py>=2.0.0 (from apache-airflow-core==3.3.2->apache-airflow==3.3.2)
  Downloading linkify_it_py-2.2.0-py3-none-any.whl.metadata (8.6 kB)
Collecting lockfile>=0.12.2 (from apache-airflow-core==3.3.2->apache-airflow==3.3.2)
  Downloading lockfile-0.12.2-py2.py3-none-any.whl.metadata (2.4 kB)
Collecting methodtools>=0.4.7 (from apache-airflow-core==3.3.2->apache-airflow==3.3.2)
  Downloading methodtools-0.4.7-py2.py3-none-any.whl.metadata (3.0 kB)
Collecting msgspec>=0.19.0 (from apache-airflow-core==3.3.2->apache-airflow==3.3.2)
  Downloading msgspec-0.21.1-cp313-cp313-win_amd64.whl.metadata (5.9 kB)
Collecting natsort>=8.4.0 (from apache-airflow-core==3.3.2->apache-airflow==3.3.2)
  Downloading natsort-8.4.0-py3-none-any.whl.metadata (21 kB)
Collecting opentelemetry-api>=1.27.0 (from apache-airflow-core==3.3.2->apache-airflow==3.3.2)
  Using cached opentelemetry_api-1.44.0-py3-none-any.whl.metadata (1.4 kB)
Collecting opentelemetry-exporter-otlp>=1.27.0 (from apache-airflow-core==3.3.2->apache-airflow==3.3.2)
  Downloading opentelemetry_exporter_otlp-1.44.0-py3-none-any.whl.metadata (2.4 kB)
Collecting opentelemetry-proto<9999,>=1.27.0 (from apache-airflow-core==3.3.2->apache-airflow==3.3.2)
  Using cached opentelemetry_proto-1.44.0-py3-none-any.whl.metadata (2.3 kB)
Collecting packaging>=25.0 (from apache-airflow-core==3.3.2->apache-airflow==3.3.2)
  Using cached packaging-26.3-py3-none-any.whl.metadata (3.5 kB)
Collecting pathspec>=0.9.0 (from apache-airflow-core==3.3.2->apache-airflow==3.3.2)
  Downloading pathspec-1.1.1-py3-none-any.whl.metadata (14 kB)
Collecting pendulum>=3.1.0 (from apache-airflow-core==3.3.2->apache-airflow==3.3.2)
  Downloading pendulum-3.2.0-cp313-cp313-win_amd64.whl.metadata (7.0 kB)
Collecting pluggy>=1.5.0 (from apache-airflow-core==3.3.2->apache-airflow==3.3.2)
  Using cached pluggy-1.6.0-py3-none-any.whl.metadata (4.8 kB)
Collecting psutil>=5.8.0 (from apache-airflow-core==3.3.2->apache-airflow==3.3.2)
  Using cached psutil-7.2.2-cp37-abi3-win_amd64.whl.metadata (22 kB)
Collecting pydantic>=2.11.0 (from apache-airflow-core==3.3.2->apache-airflow==3.3.2)
  Using cached pydantic-2.13.5-py3-none-any.whl.metadata (110 kB)
Collecting pygments!=2.19.0,>=2.0.1 (from apache-airflow-core==3.3.2->apache-airflow==3.3.2)
  Using cached pygments-2.21.0-py3-none-any.whl.metadata (2.5 kB)
Collecting pygtrie>=2.5.0 (from apache-airflow-core==3.3.2->apache-airflow==3.3.2)
  Downloading pygtrie-2.6.1-py3-none-any.whl.metadata (10 kB)
Collecting pyjwt>=2.11.0 (from apache-airflow-core==3.3.2->apache-airflow==3.3.2)
  Downloading pyjwt-2.14.0-py3-none-any.whl.metadata (3.4 kB)
Collecting python-daemon>=3.0.0 (from apache-airflow-core==3.3.2->apache-airflow==3.3.2)
  Downloading python_daemon-3.1.2-py3-none-any.whl.metadata (4.8 kB)
Collecting python-dateutil>=2.7.0 (from apache-airflow-core==3.3.2->apache-airflow==3.3.2)
  Using cached python_dateutil-2.9.0.post0-py2.py3-none-any.whl.metadata (8.4 kB)
Collecting python-slugify>=5.0 (from apache-airflow-core==3.3.2->apache-airflow==3.3.2)
  Downloading python_slugify-9.0.0-py3-none-any.whl.metadata (11 kB)
Collecting pyyaml>=6.0.3 (from apache-airflow-core==3.3.2->apache-airflow==3.3.2)
  Using cached pyyaml-6.0.3-cp313-cp313-win_amd64.whl.metadata (2.4 kB)
Collecting requests<3,>=2.32.0 (from apache-airflow-core==3.3.2->apache-airflow==3.3.2)
  Using cached requests-2.34.2-py3-none-any.whl.metadata (4.8 kB)
Collecting rich-argparse>=1.0.0 (from apache-airflow-core==3.3.2->apache-airflow==3.3.2)
  Downloading rich_argparse-1.8.0-py3-none-any.whl.metadata (15 kB)
Collecting rich>=13.6.0 (from apache-airflow-core==3.3.2->apache-airflow==3.3.2)
  Using cached rich-15.0.0-py3-none-any.whl.metadata (18 kB)
Collecting setproctitle>=1.3.3 (from apache-airflow-core==3.3.2->apache-airflow==3.3.2)
  Downloading setproctitle-1.3.7-cp313-cp313-win_amd64.whl.metadata (11 kB)
Collecting sqlalchemy>=2.0.50 (from sqlalchemy[asyncio]>=2.0.50->apache-airflow-core==3.3.2->apache-airflow==3.3.2)
  Downloading sqlalchemy-2.0.52-cp313-cp313-win_amd64.whl.metadata (9.9 kB)
Collecting starlette>=1.0.1 (from apache-airflow-core==3.3.2->apache-airflow==3.3.2)
  Using cached starlette-1.6.0-py3-none-any.whl.metadata (6.4 kB)
Collecting structlog>=26.1.0 (from apache-airflow-core==3.3.2->apache-airflow==3.3.2)
  Downloading structlog-26.1.0-py3-none-any.whl.metadata (9.7 kB)
Collecting svcs>=25.1.0 (from apache-airflow-core==3.3.2->apache-airflow==3.3.2)
  Downloading svcs-26.2.0-py3-none-any.whl.metadata (6.9 kB)
Collecting tabulate>=0.9.0 (from apache-airflow-core==3.3.2->apache-airflow==3.3.2)
  Downloading tabulate-0.10.0-py3-none-any.whl.metadata (40 kB)
Collecting tenacity>=8.3.0 (from apache-airflow-core==3.3.2->apache-airflow==3.3.2)
  Using cached tenacity-9.1.4-py3-none-any.whl.metadata (1.2 kB)
Collecting termcolor>=3.0.0 (from apache-airflow-core==3.3.2->apache-airflow==3.3.2)
  Using cached termcolor-3.3.0-py3-none-any.whl.metadata (6.5 kB)
Collecting typing-extensions>=4.14.1 (from apache-airflow-core==3.3.2->apache-airflow==3.3.2)
  Using cached typing_extensions-4.16.0-py3-none-any.whl.metadata (3.3 kB)
Collecting universal-pathlib>=0.3.8 (from apache-airflow-core==3.3.2->apache-airflow==3.3.2)
  Downloading universal_pathlib-0.3.10-py3-none-any.whl.metadata (39 kB)
Collecting uuid6>=2024.7.10 (from apache-airflow-core==3.3.2->apache-airflow==3.3.2)
  Downloading uuid6-2025.0.1-py3-none-any.whl.metadata (10 kB)
Collecting uvicorn>=0.37.0 (from apache-airflow-core==3.3.2->apache-airflow==3.3.2)
  Using cached uvicorn-0.52.4-py3-none-any.whl.metadata (6.6 kB)
Collecting babel>=2.17.0 (from apache-airflow-task-sdk==1.3.2->apache-airflow==3.3.2)
  Downloading babel-2.18.0-py3-none-any.whl.metadata (2.2 kB)
Collecting fsspec>=2023.10.0 (from apache-airflow-task-sdk==1.3.2->apache-airflow==3.3.2)
  Using cached fsspec-2026.7.0-py3-none-any.whl.metadata (10 kB)
Collecting greenback>=1.2.1 (from apache-airflow-task-sdk==1.3.2->apache-airflow==3.3.2)
  Downloading greenback-1.3.0-py3-none-any.whl.metadata (9.8 kB)
Collecting Mako (from alembic<2.0,>=1.13.1->apache-airflow-core==3.3.2->apache-airflow==3.3.2)
  Downloading mako-1.4.1-py3-none-any.whl.metadata (2.9 kB)
Collecting typing-inspection>=0.4.2 (from fastapi<0.137.0,>=0.129.0->fastapi[standard-no-fastapi-cloud-cli]<0.137.0,>=0.129.0->apache-airflow-core==3.3.2->apache-airflow==3.3.2)
  Using cached typing_inspection-0.4.4-py3-none-any.whl.metadata (2.6 kB)
Collecting annotated-doc>=0.0.2 (from fastapi<0.137.0,>=0.129.0->fastapi[standard-no-fastapi-cloud-cli]<0.137.0,>=0.129.0->apache-airflow-core==3.3.2->apache-airflow==3.3.2)
  Using cached annotated_doc-0.0.5-py3-none-any.whl.metadata (6.5 kB)
Collecting fastapi-cli>=0.0.8 (from fastapi-cli[standard-no-fastapi-cloud-cli]>=0.0.8; extra == "standard-no-fastapi-cloud-cli"->fastapi[standard-no-fastapi-cloud-cli]<0.137.0,>=0.129.0->apache-airflow-core==3.3.2->apache-airflow==3.3.2)
  Downloading fastapi_cli-0.0.32-py3-none-any.whl.metadata (6.7 kB)
Collecting python-multipart>=0.0.18 (from fastapi[standard-no-fastapi-cloud-cli]<0.137.0,>=0.129.0->apache-airflow-core==3.3.2->apache-airflow==3.3.2)
  Using cached python_multipart-0.0.32-py3-none-any.whl.metadata (2.1 kB)
Collecting email-validator>=2.0.0 (from fastapi[standard-no-fastapi-cloud-cli]<0.137.0,>=0.129.0->apache-airflow-core==3.3.2->apache-airflow==3.3.2)
  Downloading email_validator-2.3.0-py3-none-any.whl.metadata (26 kB)
Collecting pydantic-settings>=2.0.0 (from fastapi[standard-no-fastapi-cloud-cli]<0.137.0,>=0.129.0->apache-airflow-core==3.3.2->apache-airflow==3.3.2)
  Using cached pydantic_settings-2.15.0-py3-none-any.whl.metadata (3.9 kB)
Collecting pydantic-extra-types>=2.0.0 (from fastapi[standard-no-fastapi-cloud-cli]<0.137.0,>=0.129.0->apache-airflow-core==3.3.2->apache-airflow==3.3.2)
  Downloading pydantic_extra_types-2.11.1-py3-none-any.whl.metadata (4.2 kB)
Collecting anyio (from httpx>=0.25.0->apache-airflow-core==3.3.2->apache-airflow==3.3.2)
  Using cached anyio-4.15.1-py3-none-any.whl.metadata (4.7 kB)
Collecting certifi (from httpx>=0.25.0->apache-airflow-core==3.3.2->apache-airflow==3.3.2)
  Using cached certifi-2026.7.22-py3-none-any.whl.metadata (2.5 kB)
Collecting httpcore==1.* (from httpx>=0.25.0->apache-airflow-core==3.3.2->apache-airflow==3.3.2)
  Using cached httpcore-1.0.9-py3-none-any.whl.metadata (21 kB)
Collecting idna (from httpx>=0.25.0->apache-airflow-core==3.3.2->apache-airflow==3.3.2)
  Using cached idna-3.19-py3-none-any.whl.metadata (9.2 kB)
Collecting h11>=0.16 (from httpcore==1.*->httpx>=0.25.0->apache-airflow-core==3.3.2->apache-airflow==3.3.2)
  Using cached h11-0.16.0-py3-none-any.whl.metadata (8.3 kB)
Collecting protobuf<8.0,>=5.0 (from opentelemetry-proto<9999,>=1.27.0->apache-airflow-core==3.3.2->apache-airflow==3.3.2)
  Downloading protobuf-6.33.6-cp310-abi3-win_amd64.whl.metadata (593 bytes)
Collecting charset_normalizer<4,>=2 (from requests<3,>=2.32.0->apache-airflow-core==3.3.2->apache-airflow==3.3.2)
  Using cached charset_normalizer-3.5.1-cp313-cp313-win_amd64.whl.metadata (46 kB)
Collecting urllib3<3,>=1.26 (from requests<3,>=2.32.0->apache-airflow-core==3.3.2->apache-airflow==3.3.2)
  Using cached urllib3-2.7.0-py3-none-any.whl.metadata (6.9 kB)
Collecting sqlparse>=0.5.1 (from apache-airflow-providers-common-sql>=1.28.1->apache-airflow-core==3.3.2->apache-airflow==3.3.2)
  Using cached sqlparse-0.6.0-py3-none-any.whl.metadata (6.0 kB)
Collecting more-itertools>=9.0.0 (from apache-airflow-providers-common-sql>=1.28.1->apache-airflow-core==3.3.2->apache-airflow==3.3.2)
  Downloading more_itertools-11.1.0-py3-none-any.whl.metadata (41 kB)
Collecting aiosmtplib>=0.1.6 (from apache-airflow-providers-smtp>=2.3.1->apache-airflow-core==3.3.2->apache-airflow==3.3.2)
  Downloading aiosmtplib-5.1.3-py3-none-any.whl.metadata (3.6 kB)
Collecting colorama (from colorlog>=6.8.2->apache-airflow-core==3.3.2->apache-airflow==3.3.2)
  Using cached colorama-0.4.6-py2.py3-none-any.whl.metadata (17 kB)
Collecting cffi>=2.0.0 (from cryptography>=44.0.3->apache-airflow-core==3.3.2->apache-airflow==3.3.2)
  Using cached cffi-2.1.1-cp313-cp313-win_amd64.whl.metadata (2.6 kB)
Collecting pycparser (from cffi>=2.0.0->cryptography>=44.0.3->apache-airflow-core==3.3.2->apache-airflow==3.3.2)
  Using cached pycparser-3.0-py3-none-any.whl.metadata (8.2 kB)
Collecting wrapt<3,>=1.10 (from deprecated>=1.2.13->apache-airflow-core==3.3.2->apache-airflow==3.3.2)
  Downloading wrapt-2.4.1-cp313-cp313-win_amd64.whl.metadata (7.6 kB)
Collecting dnspython>=2.0.0 (from email-validator>=2.0.0->fastapi[standard-no-fastapi-cloud-cli]<0.137.0,>=0.129.0->apache-airflow-core==3.3.2->apache-airflow==3.3.2)
  Downloading dnspython-2.8.0-py3-none-any.whl.metadata (5.7 kB)
Collecting typer>=0.16.0 (from fastapi-cli>=0.0.8->fastapi-cli[standard-no-fastapi-cloud-cli]>=0.0.8; extra == "standard-no-fastapi-cloud-cli"->fastapi[standard-no-fastapi-cloud-cli]<0.137.0,>=0.129.0->apache-airflow-core==3.3.2->apache-airflow==3.3.2)
  Using cached typer-0.27.2-py3-none-any.whl.metadata (16 kB)
Collecting rich-toolkit>=0.14.8 (from fastapi-cli>=0.0.8->fastapi-cli[standard-no-fastapi-cloud-cli]>=0.0.8; extra == "standard-no-fastapi-cloud-cli"->fastapi[standard-no-fastapi-cloud-cli]<0.137.0,>=0.129.0->apache-airflow-core==3.3.2->apache-airflow==3.3.2)
  Downloading rich_toolkit-0.20.5-py3-none-any.whl.metadata (3.0 kB)
Collecting greenlet!=0.4.17 (from greenback>=1.2.1->apache-airflow-task-sdk==1.3.2->apache-airflow==3.3.2)
  Downloading greenlet-3.5.5-cp313-cp313-win_amd64.whl.metadata (3.9 kB)
Collecting sniffio (from greenback>=1.2.1->apache-airflow-task-sdk==1.3.2->apache-airflow==3.3.2)
  Using cached sniffio-1.3.1-py3-none-any.whl.metadata (3.9 kB)
Collecting outcome (from greenback>=1.2.1->apache-airflow-task-sdk==1.3.2->apache-airflow==3.3.2)
  Downloading outcome-1.3.0.post0-py2.py3-none-any.whl.metadata (2.6 kB)
Collecting zipp>=3.20 (from importlib-metadata>=7.0->apache-airflow-core==3.3.2->apache-airflow==3.3.2)
  Using cached zipp-4.1.0-py3-none-any.whl.metadata (3.6 kB)
Collecting arrow>=0.15.0 (from isoduration>=20.11.0->apache-airflow-core==3.3.2->apache-airflow==3.3.2)
  Using cached arrow-1.4.0-py3-none-any.whl.metadata (7.7 kB)
Collecting tzdata (from arrow>=0.15.0->isoduration>=20.11.0->apache-airflow-core==3.3.2->apache-airflow==3.3.2)
  Using cached tzdata-2026.4-py2.py3-none-any.whl.metadata (1.4 kB)
Collecting MarkupSafe>=2.0 (from jinja2>=3.1.5->apache-airflow-core==3.3.2->apache-airflow==3.3.2)
  Using cached markupsafe-3.0.3-cp313-cp313-win_amd64.whl.metadata (2.8 kB)
Collecting jsonschema-specifications>=2023.03.6 (from jsonschema>=4.19.1->apache-airflow-core==3.3.2->apache-airflow==3.3.2)
  Using cached jsonschema_specifications-2025.9.1-py3-none-any.whl.metadata (2.9 kB)
Collecting referencing>=0.28.4 (from jsonschema>=4.19.1->apache-airflow-core==3.3.2->apache-airflow==3.3.2)
  Using cached referencing-0.37.0-py3-none-any.whl.metadata (2.8 kB)
Collecting rpds-py>=0.25.0 (from jsonschema>=4.19.1->apache-airflow-core==3.3.2->apache-airflow==3.3.2)
  Using cached rpds_py-2026.6.3-cp313-cp313-win_amd64.whl.metadata (4.2 kB)
Collecting pyyaml-ft>=8.0.0 (from libcst>=1.8.2->apache-airflow-core==3.3.2->apache-airflow==3.3.2)
  Downloading pyyaml_ft-8.0.0-cp313-cp313-win_amd64.whl.metadata (8.6 kB)
Collecting wirerope>=0.4.7 (from methodtools>=0.4.7->apache-airflow-core==3.3.2->apache-airflow==3.3.2)
  Downloading wirerope-1.0.0-py2.py3-none-any.whl.metadata (3.3 kB)
Collecting opentelemetry-exporter-otlp-proto-grpc==1.44.0 (from opentelemetry-exporter-otlp>=1.27.0->apache-airflow-core==3.3.2->apache-airflow==3.3.2)
  Using cached opentelemetry_exporter_otlp_proto_grpc-1.44.0-py3-none-any.whl.metadata (2.6 kB)
Collecting opentelemetry-exporter-otlp-proto-http==1.44.0 (from opentelemetry-exporter-otlp>=1.27.0->apache-airflow-core==3.3.2->apache-airflow==3.3.2)
  Downloading opentelemetry_exporter_otlp_proto_http-1.44.0-py3-none-any.whl.metadata (2.4 kB)
Collecting googleapis-common-protos~=1.57 (from opentelemetry-exporter-otlp-proto-grpc==1.44.0->opentelemetry-exporter-otlp>=1.27.0->apache-airflow-core==3.3.2->apache-airflow==3.3.2)
  Downloading googleapis_common_protos-1.75.3-py3-none-any.whl.metadata (8.5 kB)
Collecting grpcio<2.0.0,>=1.66.2 (from opentelemetry-exporter-otlp-proto-grpc==1.44.0->opentelemetry-exporter-otlp>=1.27.0->apache-airflow-core==3.3.2->apache-airflow==3.3.2)
  Using cached grpcio-1.83.1-cp313-cp313-win_amd64.whl.metadata (3.8 kB)
Collecting opentelemetry-exporter-otlp-proto-common==1.44.0 (from opentelemetry-exporter-otlp-proto-grpc==1.44.0->opentelemetry-exporter-otlp>=1.27.0->apache-airflow-core==3.3.2->apache-airflow==3.3.2)
  Using cached opentelemetry_exporter_otlp_proto_common-1.44.0-py3-none-any.whl.metadata (1.8 kB)
Collecting opentelemetry-sdk~=1.44.0 (from opentelemetry-exporter-otlp-proto-grpc==1.44.0->opentelemetry-exporter-otlp>=1.27.0->apache-airflow-core==3.3.2->apache-airflow==3.3.2)
  Using cached opentelemetry_sdk-1.44.0-py3-none-any.whl.metadata (1.6 kB)
Collecting opentelemetry-semantic-conventions==0.65b0 (from opentelemetry-sdk~=1.44.0->opentelemetry-exporter-otlp-proto-grpc==1.44.0->opentelemetry-exporter-otlp>=1.27.0->apache-airflow-core==3.3.2->apache-airflow==3.3.2)
  Using cached opentelemetry_semantic_conventions-0.65b0-py3-none-any.whl.metadata (2.4 kB)
Collecting annotated-types>=0.6.0 (from pydantic>=2.11.0->apache-airflow-core==3.3.2->apache-airflow==3.3.2)
  Using cached annotated_types-0.8.0-py3-none-any.whl.metadata (15 kB)
Collecting pydantic-core==2.46.5 (from pydantic>=2.11.0->apache-airflow-core==3.3.2->apache-airflow==3.3.2)
  Using cached pydantic_core-2.46.5-cp313-cp313-win_amd64.whl.metadata (6.7 kB)
Collecting python-dotenv>=0.21.0 (from pydantic-settings>=2.0.0->fastapi[standard-no-fastapi-cloud-cli]<0.137.0,>=0.129.0->apache-airflow-core==3.3.2->apache-airflow==3.3.2)
  Using cached python_dotenv-1.2.3-py3-none-any.whl.metadata (29 kB)
Collecting six>=1.5 (from python-dateutil>=2.7.0->apache-airflow-core==3.3.2->apache-airflow==3.3.2)
  Using cached six-1.17.0-py2.py3-none-any.whl.metadata (1.7 kB)
Collecting text-unidecode>=1.3 (from python-slugify>=5.0->apache-airflow-core==3.3.2->apache-airflow==3.3.2)
  Downloading text_unidecode-1.3-py2.py3-none-any.whl.metadata (2.4 kB)
Collecting markdown-it-py>=2.2.0 (from rich>=13.6.0->apache-airflow-core==3.3.2->apache-airflow==3.3.2)
  Using cached markdown_it_py-4.2.0-py3-none-any.whl.metadata (7.4 kB)
Collecting mdurl~=0.1 (from markdown-it-py>=2.2.0->rich>=13.6.0->apache-airflow-core==3.3.2->apache-airflow==3.3.2)
  Using cached mdurl-0.1.2-py3-none-any.whl.metadata (1.6 kB)
Collecting click>=8.1.7 (from rich-toolkit>=0.14.8->fastapi-cli>=0.0.8->fastapi-cli[standard-no-fastapi-cloud-cli]>=0.0.8; extra == "standard-no-fastapi-cloud-cli"->fastapi[standard-no-fastapi-cloud-cli]<0.137.0,>=0.129.0->apache-airflow-core==3.3.2->apache-airflow==3.3.2)
  Using cached click-8.5.0-py3-none-any.whl.metadata (2.6 kB)
Collecting shellingham>=1.3.0 (from typer>=0.16.0->fastapi-cli>=0.0.8->fastapi-cli[standard-no-fastapi-cloud-cli]>=0.0.8; extra == "standard-no-fastapi-cloud-cli"->fastapi[standard-no-fastapi-cloud-cli]<0.137.0,>=0.129.0->apache-airflow-core==3.3.2->apache-airflow==3.3.2)
  Using cached shellingham-1.5.4-py2.py3-none-any.whl.metadata (3.5 kB)
Collecting pathlib-abc<0.6.0,>=0.5.1 (from universal-pathlib>=0.3.8->apache-airflow-core==3.3.2->apache-airflow==3.3.2)
  Downloading pathlib_abc-0.5.2-py3-none-any.whl.metadata (4.6 kB)
Collecting httptools>=0.8.0 (from uvicorn[standard]>=0.12.0; extra == "standard-no-fastapi-cloud-cli"->fastapi[standard-no-fastapi-cloud-cli]<0.137.0,>=0.129.0->apache-airflow-core==3.3.2->apache-airflow==3.3.2)
  Using cached httptools-0.8.0-cp313-cp313-win_amd64.whl.metadata (3.7 kB)
Collecting watchfiles>=0.20 (from uvicorn[standard]>=0.12.0; extra == "standard-no-fastapi-cloud-cli"->fastapi[standard-no-fastapi-cloud-cli]<0.137.0,>=0.129.0->apache-airflow-core==3.3.2->apache-airflow==3.3.2)
  Using cached watchfiles-1.2.0-cp313-cp313-win_amd64.whl.metadata (5.0 kB)
Collecting websockets>=13.0 (from uvicorn[standard]>=0.12.0; extra == "standard-no-fastapi-cloud-cli"->fastapi[standard-no-fastapi-cloud-cli]<0.137.0,>=0.129.0->apache-airflow-core==3.3.2->apache-airflow==3.3.2)
  Using cached websockets-16.1.1-cp313-cp313-win_amd64.whl.metadata (7.0 kB)
Downloading apache_airflow-3.3.2-py3-none-any.whl (13 kB)
Downloading apache_airflow_core-3.3.2-py3-none-any.whl (6.9 MB)
   ---------------------------------------- 6.9/6.9 MB 1.8 MB/s  0:00:03
Downloading apache_airflow_task_sdk-1.3.2-py3-none-any.whl (607 kB)
   ---------------------------------------- 607.5/607.5 kB 2.6 MB/s  0:00:00
Using cached alembic-1.20.0-py3-none-any.whl (268 kB)
Downloading fastapi-0.136.3-py3-none-any.whl (117 kB)
Using cached httpx-0.28.1-py3-none-any.whl (73 kB)
Using cached httpcore-1.0.9-py3-none-any.whl (78 kB)
Using cached opentelemetry_proto-1.44.0-py3-none-any.whl (72 kB)
Downloading protobuf-6.33.6-cp310-abi3-win_amd64.whl (437 kB)
Using cached requests-2.34.2-py3-none-any.whl (73 kB)
Using cached charset_normalizer-3.5.1-cp313-cp313-win_amd64.whl (199 kB)
Using cached idna-3.19-py3-none-any.whl (68 kB)
Using cached urllib3-2.7.0-py3-none-any.whl (131 kB)
Downloading a2wsgi-1.10.10-py3-none-any.whl (17 kB)
Downloading aiosqlite-0.22.1-py3-none-any.whl (17 kB)
Using cached annotated_doc-0.0.5-py3-none-any.whl (5.3 kB)
Downloading apache_airflow_providers_common_compat-1.19.0-py3-none-any.whl (46 kB)
Downloading apache_airflow_providers_common_io-1.9.0-py3-none-any.whl (23 kB)
Downloading apache_airflow_providers_common_sql-2.1.1-py3-none-any.whl (97 kB)
Downloading apache_airflow_providers_smtp-3.0.4-py3-none-any.whl (25 kB)
Downloading aiosmtplib-5.1.3-py3-none-any.whl (30 kB)
Downloading apache_airflow_providers_standard-1.19.0-py3-none-any.whl (163 kB)
Downloading argcomplete-3.7.2-py3-none-any.whl (43 kB)
Downloading asgiref-3.12.1-py3-none-any.whl (25 kB)
Using cached attrs-26.1.0-py3-none-any.whl (67 kB)
Downloading babel-2.18.0-py3-none-any.whl (10.2 MB)
   ---------------------------------------- 10.2/10.2 MB 2.4 MB/s  0:00:04
Downloading cachetools-7.1.8-py3-none-any.whl (16 kB)
Downloading cadwyn-7.0.0-py3-none-any.whl (61 kB)
Using cached certifi-2026.7.22-py3-none-any.whl (136 kB)
Downloading colorlog-6.12.0-py3-none-any.whl (12 kB)
Downloading cron_descriptor-2.1.0-py3-none-any.whl (74 kB)
Downloading croniter-6.2.4-py3-none-any.whl (46 kB)
Using cached cryptography-50.0.1-cp311-abi3-win_amd64.whl (3.8 MB)
Using cached cffi-2.1.1-cp313-cp313-win_amd64.whl (185 kB)
Downloading deprecated-1.3.1-py2.py3-none-any.whl (11 kB)
Downloading wrapt-2.4.1-cp313-cp313-win_amd64.whl (98 kB)
Using cached dill-0.4.1-py3-none-any.whl (120 kB)
Downloading email_validator-2.3.0-py3-none-any.whl (35 kB)
Downloading dnspython-2.8.0-py3-none-any.whl (331 kB)
Downloading fastapi_cli-0.0.32-py3-none-any.whl (14 kB)
Using cached fsspec-2026.7.0-py3-none-any.whl (206 kB)
Downloading greenback-1.3.0-py3-none-any.whl (29 kB)
Downloading greenlet-3.5.5-cp313-cp313-win_amd64.whl (324 kB)
Using cached h11-0.16.0-py3-none-any.whl (37 kB)
Using cached importlib_metadata-8.9.0-py3-none-any.whl (27 kB)
Using cached isoduration-20.11.0-py3-none-any.whl (11 kB)
Using cached arrow-1.4.0-py3-none-any.whl (68 kB)
Using cached itsdangerous-2.2.0-py3-none-any.whl (16 kB)
Using cached jinja2-3.1.6-py3-none-any.whl (134 kB)
Using cached jsonschema-4.26.0-py3-none-any.whl (90 kB)
Using cached jsonschema_specifications-2025.9.1-py3-none-any.whl (18 kB)
Downloading lazy_object_proxy-1.12.0-cp313-cp313-win_amd64.whl (26 kB)
Downloading libcst-1.9.0-cp313-cp313-win_amd64.whl (2.1 MB)
   ---------------------------------------- 2.1/2.1 MB 1.0 MB/s  0:00:01
Downloading linkify_it_py-2.2.0-py3-none-any.whl (21 kB)
Downloading lockfile-0.12.2-py2.py3-none-any.whl (13 kB)
Using cached markupsafe-3.0.3-cp313-cp313-win_amd64.whl (15 kB)
Downloading methodtools-0.4.7-py2.py3-none-any.whl (4.0 kB)
Downloading more_itertools-11.1.0-py3-none-any.whl (72 kB)
Downloading msgspec-0.21.1-cp313-cp313-win_amd64.whl (189 kB)
Downloading natsort-8.4.0-py3-none-any.whl (38 kB)
Using cached opentelemetry_api-1.44.0-py3-none-any.whl (60 kB)
Downloading opentelemetry_exporter_otlp-1.44.0-py3-none-any.whl (6.7 kB)
Using cached opentelemetry_exporter_otlp_proto_grpc-1.44.0-py3-none-any.whl (19 kB)
Using cached opentelemetry_exporter_otlp_proto_common-1.44.0-py3-none-any.whl (17 kB)
Downloading opentelemetry_exporter_otlp_proto_http-1.44.0-py3-none-any.whl (21 kB)
Downloading googleapis_common_protos-1.75.3-py3-none-any.whl (306 kB)
Using cached grpcio-1.83.1-cp313-cp313-win_amd64.whl (5.2 MB)
Using cached opentelemetry_sdk-1.44.0-py3-none-any.whl (137 kB)
Using cached opentelemetry_semantic_conventions-0.65b0-py3-none-any.whl (204 kB)
Using cached typing_extensions-4.16.0-py3-none-any.whl (45 kB)
Using cached packaging-26.3-py3-none-any.whl (129 kB)
Downloading pathspec-1.1.1-py3-none-any.whl (57 kB)
Downloading pendulum-3.2.0-cp313-cp313-win_amd64.whl (258 kB)
Using cached pluggy-1.6.0-py3-none-any.whl (20 kB)
Using cached psutil-7.2.2-cp37-abi3-win_amd64.whl (137 kB)
Using cached pydantic-2.13.5-py3-none-any.whl (472 kB)
Using cached pydantic_core-2.46.5-cp313-cp313-win_amd64.whl (2.0 MB)
Using cached annotated_types-0.8.0-py3-none-any.whl (13 kB)
Downloading pydantic_extra_types-2.11.1-py3-none-any.whl (79 kB)
Using cached pydantic_settings-2.15.0-py3-none-any.whl (69 kB)
Using cached pygments-2.21.0-py3-none-any.whl (1.3 MB)
Downloading pygtrie-2.6.1-py3-none-any.whl (31 kB)
Downloading pyjwt-2.14.0-py3-none-any.whl (32 kB)
Downloading python_daemon-3.1.2-py3-none-any.whl (30 kB)
Using cached python_dateutil-2.9.0.post0-py2.py3-none-any.whl (229 kB)
Using cached python_dotenv-1.2.3-py3-none-any.whl (22 kB)
Using cached python_multipart-0.0.32-py3-none-any.whl (30 kB)
Downloading python_slugify-9.0.0-py3-none-any.whl (13 kB)
Using cached pyyaml-6.0.3-cp313-cp313-win_amd64.whl (154 kB)
Downloading pyyaml_ft-8.0.0-cp313-cp313-win_amd64.whl (158 kB)
Using cached referencing-0.37.0-py3-none-any.whl (26 kB)
Using cached rich-15.0.0-py3-none-any.whl (310 kB)
Using cached markdown_it_py-4.2.0-py3-none-any.whl (91 kB)
Using cached mdurl-0.1.2-py3-none-any.whl (10.0 kB)
Downloading rich_argparse-1.8.0-py3-none-any.whl (25 kB)
Downloading rich_toolkit-0.20.5-py3-none-any.whl (39 kB)
Using cached click-8.5.0-py3-none-any.whl (125 kB)
Using cached rpds_py-2026.6.3-cp313-cp313-win_amd64.whl (219 kB)
Downloading setproctitle-1.3.7-cp313-cp313-win_amd64.whl (13 kB)
Using cached six-1.17.0-py2.py3-none-any.whl (11 kB)
Downloading sqlalchemy-2.0.52-cp313-cp313-win_amd64.whl (2.2 MB)
   ---------------------------------------- 2.2/2.2 MB 1.2 MB/s  0:00:01
Using cached sqlparse-0.6.0-py3-none-any.whl (50 kB)
Using cached starlette-1.6.0-py3-none-any.whl (75 kB)
Using cached anyio-4.15.1-py3-none-any.whl (132 kB)
Downloading structlog-26.1.0-py3-none-any.whl (73 kB)
Downloading svcs-26.2.0-py3-none-any.whl (22 kB)
Downloading tabulate-0.10.0-py3-none-any.whl (39 kB)
Using cached tenacity-9.1.4-py3-none-any.whl (28 kB)
Using cached termcolor-3.3.0-py3-none-any.whl (7.7 kB)
Downloading text_unidecode-1.3-py2.py3-none-any.whl (78 kB)
Using cached typer-0.27.2-py3-none-any.whl (123 kB)
Using cached shellingham-1.5.4-py2.py3-none-any.whl (9.8 kB)
Using cached typing_inspection-0.4.4-py3-none-any.whl (14 kB)
Using cached tzdata-2026.4-py2.py3-none-any.whl (347 kB)
Downloading universal_pathlib-0.3.10-py3-none-any.whl (83 kB)
Downloading pathlib_abc-0.5.2-py3-none-any.whl (19 kB)
Downloading uuid6-2025.0.1-py3-none-any.whl (7.0 kB)
Using cached uvicorn-0.52.4-py3-none-any.whl (79 kB)
Using cached httptools-0.8.0-cp313-cp313-win_amd64.whl (90 kB)
Using cached watchfiles-1.2.0-cp313-cp313-win_amd64.whl (288 kB)
Using cached websockets-16.1.1-cp313-cp313-win_amd64.whl (180 kB)
Downloading wirerope-1.0.0-py2.py3-none-any.whl (9.2 kB)
Using cached zipp-4.1.0-py3-none-any.whl (10 kB)
Using cached colorama-0.4.6-py2.py3-none-any.whl (25 kB)
Downloading mako-1.4.1-py3-none-any.whl (80 kB)
Downloading outcome-1.3.0.post0-py2.py3-none-any.whl (10 kB)
Using cached pycparser-3.0-py3-none-any.whl (48 kB)
Using cached sniffio-1.3.1-py3-none-any.whl (10 kB)
Installing collected packages: text-unidecode, lockfile, zipp, wrapt, websockets, uuid6, urllib3, tzdata, typing-extensions, termcolor, tenacity, tabulate, structlog, sqlparse, sniffio, six, shellingham, setproctitle, rpds-py, pyyaml-ft, pyyaml, python-slugify, python-multipart, python-dotenv, python-daemon, pyjwt, pygtrie, pygments, pycparser, psutil, protobuf, pluggy, pathspec, pathlib-abc, packaging, natsort, msgspec, more-itertools, mdurl, MarkupSafe, linkify-it-py, lazy-object-proxy, itsdangerous, idna, httptools, h11, greenlet, fsspec, dnspython, dill, colorama, click, charset_normalizer, certifi, cachetools, babel, attrs, asgiref, argcomplete, annotated-types, annotated-doc, aiosqlite, aiosmtplib, a2wsgi, wirerope, uvicorn, universal-pathlib, typing-inspection, svcs, sqlalchemy, requests, referencing, python-dateutil, pydantic-core, outcome, opentelemetry-proto, opentelemetry-api, markdown-it-py, Mako, libcst, jinja2, importlib-metadata, httpcore, grpcio, googleapis-common-protos, email-validator, deprecated, cron-descriptor, colorlog, cffi, anyio, watchfiles, starlette, rich, pydantic, pendulum, opentelemetry-semantic-conventions, opentelemetry-exporter-otlp-proto-common, methodtools, jsonschema-specifications, httpx, greenback, cryptography, croniter, arrow, alembic, typer, rich-toolkit, rich-argparse, pydantic-settings, pydantic-extra-types, opentelemetry-sdk, jsonschema, isoduration, fastapi, opentelemetry-exporter-otlp-proto-http, opentelemetry-exporter-otlp-proto-grpc, fastapi-cli, cadwyn, opentelemetry-exporter-otlp, apache-airflow-providers-standard, apache-airflow-providers-smtp, apache-airflow-providers-common-sql, apache-airflow-providers-common-io, apache-airflow-providers-common-compat, apache-airflow-task-sdk, apache-airflow-core, apache-airflow

Successfully installed Mako-1.4.1 MarkupSafe-3.0.3 a2wsgi-1.10.10 aiosmtplib-5.1.3 aiosqlite-0.22.1 alembic-1.20.0 annotated-doc-0.0.5 annotated-types-0.8.0 anyio-4.15.1 apache-airflow-3.3.2 apache-airflow-core-3.3.2 apache-airflow-providers-common-compat-1.19.0 apache-airflow-providers-common-io-1.9.0 apache-airflow-providers-common-sql-2.1.1 apache-airflow-providers-smtp-3.0.4 apache-airflow-providers-standard-1.19.0 apache-airflow-task-sdk-1.3.2 argcomplete-3.7.2 arrow-1.4.0 asgiref-3.12.1 attrs-26.1.0 babel-2.18.0 cachetools-7.1.8 cadwyn-7.0.0 certifi-2026.7.22 cffi-2.1.1 charset_normalizer-3.5.1 click-8.5.0 colorama-0.4.6 colorlog-6.12.0 cron-descriptor-2.1.0 croniter-6.2.4 cryptography-50.0.1 deprecated-1.3.1 dill-0.4.1 dnspython-2.8.0 email-validator-2.3.0 fastapi-0.136.3 fastapi-cli-0.0.32 fsspec-2026.7.0 googleapis-common-protos-1.75.3 greenback-1.3.0 greenlet-3.5.5 grpcio-1.83.1 h11-0.16.0 httpcore-1.0.9 httptools-0.8.0 httpx-0.28.1 idna-3.19 importlib-metadata-8.9.0 isoduration-20.11.0 itsdangerous-2.2.0 jinja2-3.1.6 jsonschema-4.26.0 jsonschema-specifications-2025.9.1 lazy-object-proxy-1.12.0 libcst-1.9.0 linkify-it-py-2.2.0 lockfile-0.12.2 markdown-it-py-4.2.0 mdurl-0.1.2 methodtools-0.4.7 more-itertools-11.1.0 msgspec-0.21.1 natsort-8.4.0 opentelemetry-api-1.44.0 opentelemetry-exporter-otlp-1.44.0 opentelemetry-exporter-otlp-proto-common-1.44.0 opentelemetry-exporter-otlp-proto-grpc-1.44.0 opentelemetry-exporter-otlp-proto-http-1.44.0 opentelemetry-proto-1.44.0 opentelemetry-sdk-1.44.0 opentelemetry-semantic-conventions-0.65b0 outcome-1.3.0.post0 packaging-26.3 pathlib-abc-0.5.2 pathspec-1.1.1 pendulum-3.2.0 pluggy-1.6.0 protobuf-6.33.6 psutil-7.2.2 pycparser-3.0 pydantic-2.13.5 pydantic-core-2.46.5 pydantic-extra-types-2.11.1 pydantic-settings-2.15.0 pygments-2.21.0 pygtrie-2.6.1 pyjwt-2.14.0 python-daemon-3.1.2 python-dateutil-2.9.0.post0 python-dotenv-1.2.3 python-multipart-0.0.32 python-slugify-9.0.0 pyyaml-6.0.3 pyyaml-ft-8.0.0 referencing-0.37.0 requests-2.34.2 rich-15.0.0 rich-argparse-1.8.0 rich-toolkit-0.20.5 rpds-py-2026.6.3 setproctitle-1.3.7 shellingham-1.5.4 six-1.17.0 sniffio-1.3.1 sqlalchemy-2.0.52 sqlparse-0.6.0 starlette-1.6.0 structlog-26.1.0 svcs-26.2.0 tabulate-0.10.0 tenacity-9.1.4 termcolor-3.3.0 text-unidecode-1.3 typer-0.27.2 typing-extensions-4.16.0 typing-inspection-0.4.4 tzdata-2026.4 universal-pathlib-0.3.10 urllib3-2.7.0 uuid6-2025.0.1 uvicorn-0.52.4 watchfiles-1.2.0 websockets-16.1.1 wirerope-1.0.0 wrapt-2.4.1 zipp-4.1.0
INSTALL_OK
